    Finished `dev` profile [unoptimized + debuginfo] target(s) in 0.02s
     Running `target/debug/app std/prelude.oco std/string.oco std/vector.oco std/ptr_vector.oco std/io.oco std/list.oco std/map.oco std/net.oco std/ir/node.oco std/ir/symbol.oco std/ir/type.oco std/compiler/lexer.oco std/compiler/parser.oco`
--- OptiCo CIR for std/compiler/parser.oco ---
struct Unit {
}
struct Pair {
  Int fst;
  Int snd;
}
struct OptionInt {
  Int tag;
  Int value;
}
struct OptionChar {
  Int tag;
  Char value;
}
struct OptionBool {
  Int tag;
  Bool value;
}
struct ResultInt {
  Int tag;
  Int value;
}
struct ResultVoid {
  Int tag;
}
struct String {
  Int len;
  Pointer(Char, "Heap", None) data;
}
struct Token {
  Int tag;
  Named("String") lexeme;
  Int line;
}
struct ASTNode {
  Int tag;
  Int value;
  RecOptic(Optic(Named("ASTNode"), None, None, None), None, None, None) left;
  RecOptic(Optic(Named("ASTNode"), None, None, None), None, None, None) right;
}
block {
  load o
}
block {
  block {
  }
}
block {
  block {
  }
}
block {
  block {
  }
}
block {
  block {
  }
}
block {
  block {
  }
}
block {
  block {
  }
}
block {
  block {
  }
}
block {
  block {
  }
}
block {
  block {
  }
}
block {
  block {
  }
}
block {
  block {
  }
}
block {
  block {
  }
}
block {
  block {
  }
}
block {
  block {
  }
}
block {
  block {
  }
}
block {
  block {
  }
}
block {
  call string_to_int_rec (
    block {
    },
    block {
    },
    block {
    },
    block {
    },
  )
}
block {
  block {
  }
}
block {
  block {
    block {
    }
    block {
    }
    block {
    }
    call string_copy_rec (
      load new_data,
      block {
      },
      load new_len,
      block {
      },
      block {
      },
    )
    alloc<Named("String"), None> (
      load new_len,
      load new_data,
    )
  }
}
block {
  block {
    block {
    }
    block {
    }
    call string_copy_rec (
      load new_data,
      block {
      },
      block {
      },
      block {
      },
      block {
      },
    )
    put (
      block {
      }    ,
      load c    )
    alloc<Named("String"), None> (
      load new_len,
      load new_data,
    )
  }
}
block {
  block {
    block {
    }
    block {
    }
    call string_copy_rec (
      load new_data,
      block {
      },
      block {
      },
      block {
      },
      block {
      },
    )
    call string_copy_rec (
      load new_data,
      block {
      },
      block {
      },
      block {
      },
      block {
      },
    )
    alloc<Named("String"), None> (
      load new_len,
      load new_data,
    )
  }
}
block {
  block {
  }
}
block {
  block {
  }
}
block {
  call string_compare_rec (
    block {
    },
    block {
    },
    block {
    },
    block {
    },
    block {
    },
  )
}
block {
  block {
  }
}
block {
  block {
  }
}
block {
  block {
  }
}
call malloc_int (
)
call free_int (
)
struct Vector {
  Int size;
  Int capacity;
  Pointer(Int, "Heap", None) data;
}
block {
  alloc<Named("Vector"), None> (
    block {
    },
    load cap,
    call malloc_int (
      block {
      },
    ),
  )
}
block {
  block {
  }
}
block {
  block {
  }
}
block {
  put (
    block {
    }  ,
    load val  )
}
block {
  block {
  }
}
block {
  block {
  }
}
block {
  put (
    block {
    }  ,
    block {
    }  )
}
call malloc_ptr (
)
call free_ptr (
)
struct PtrVector {
  Int size;
  Int capacity;
  Pointer(Pointer(Named("Unit"), "Heap", None), "Heap", None) data;
}
block {
  alloc<Named("PtrVector"), None> (
    block {
    },
    load cap,
    call malloc_ptr (
      block {
      },
    ),
  )
}
block {
  block {
  }
}
block {
  block {
  }
}
block {
  put (
    block {
    }  ,
    load val  )
}
block {
  block {
  }
}
block {
  block {
  }
}
block {
  put (
    block {
    }  ,
    block {
    }  )
}
block {
  block {
  }
}
block {
  block {
  }
}
protocol File {
  state Open {
    Optic(Optic(Int, None, None, None), None, None, None) read;
    Optic(Optic(Int, None, None, None), None, None, None) write;
  }
  state Closed {
  }
}
struct FileObj {
  Int fd;
}
struct Console {
  Int id;
}
resource Named("Console") console = (
  alloc<Named("Console"), None> (
    block {
    },
  ))
block {
}
block {
}
block {
  block {
  }
}
block {
}
block {
}
block {
  alloc<Named("FileObj"), None> (
    block {
    },
  )
}
block {
  put (
    load closer  ,
    block {
    }  )
}
struct ListNode {
  Int val;
  Optic(Optic(Named("ListNode"), None, None, None), None, None, None) next;
}
struct List {
  Optic(Optic(Named("ListNode"), None, None, None), None, None, None) head;
}
block {
  block {
  }
}
block {
  block {
  }
}
struct MapEntry {
  Int key;
  Int value;
}
struct MapNode {
  Named("MapEntry") entry;
  Optic(Optic(Named("MapNode"), None, None, None), None, None, None) next;
}
struct Map {
  Optic(Optic(Named("MapNode"), None, None, None), None, None, None) head;
}
block {
  block {
  }
}
block {
  block {
  }
}
struct ByteBuf {
  Int capacity;
  Int size;
  Pointer(Char, "Heap", None) data;
}
struct TlsState {
  Int version;
  Int handshake_complete;
  Int session_id;
}
struct HttpState {
  Int method;
  Int status;
  Int keep_alive;
}
struct HttpConnection {
  Named("ByteBuf") in_buffer;
  Named("ByteBuf") out_buffer;
  Named("TlsState") tls;
  Named("HttpState") http;
}
block {
  load conn
}
block {
  load conn
}
block {
  block {
  }
  block {
  }
  block {
  }
  block {
  }
  get (
    load pipeline  )
}
struct Node {
  Int id;
  Int kind;
  Named("String") lexeme;
  Named("PtrVector") children;
  Optic(Optic(Named("Node"), None, None, None), None, None, None) parent;
  Optic(Optic(Named("Node"), None, None, None), None, None, None) next;
  Named("String") source_file;
  Int line_number;
}
protocol NodeSession {
  state Parsed {
    Optic(Optic(Named("Symbol"), None, None, None), None, None, None) resolve;
  }
  state Resolved {
    Optic(Optic(Named("Type"), None, None, None), None, None, None) typecheck;
  }
  state Typed {
    Optic(Optic(Named("IR"), None, None, None), None, None, None) lower;
  }
  state Lowered {
  }
}
block {
  block {
    block {
    }
    load s
  }
}
block {
  block {
    block {
    }
    put (
      block {
      }    ,
      block {
      }    )
    put (
      block {
      }    ,
      block {
      }    )
    put (
      block {
      }    ,
      block {
      }    )
    load t
  }
}
block {
  block {
    block {
    }
    load ir
  }
}
struct Symbol {
  Named("String") name;
  Int scope_id;
  Pointer(Named("Unit"), "Heap", None) node_ref;
}
struct SymbolTable {
  Named("PtrVector") symbols;
}
block {
  alloc<Named("SymbolTable"), None> (
    call ptr_vector_new (
      block {
      },
    ),
  )
}
block {
  call ptr_vector_push (
    block {
    },
    load sym,
  )
}
struct TypeIR {
  Named("String") kind;
  Int size;
  Named("PtrVector") params;
}
struct IR {
  Int opcode;
  Int value;
  Named("PtrVector") inputs;
}
struct Token {
  Int tag;
  Named("String") lexeme;
  Int line;
}
struct Lexer {
  Named("String") input;
  Int pos;
  Int line;
}
block {
  block {
  }
}
block {
  block {
    block {
    }
    block {
    }
    block {
    }
    load c
  }
}
block {
  block {
    block {
    }
    block {
    }
  }
}
block {
  block {
    block {
    }
    block {
    }
  }
}
block {
  block {
    block {
    }
    block {
    }
  }
}
block {
  block {
    block {
    }
    block {
    }
  }
}
block {
  block {
    block {
    }
    block {
    }
  }
}
block {
  block {
    block {
    }
    block {
    }
  }
}
block {
  block {
    block {
    }
    block {
    }
    block {
    }
    block {
    }
    block {
    }
    block {
    }
    block {
    }
    block {
    }
    block {
    }
    block {
    }
    block {
    }
    block {
    }
    block {
    }
    block {
    }
    block {
    }
    block {
    }
    block {
    }
    block {
    }
    block {
    }
    block {
    }
    block {
    }
    block {
    }
    block {
    }
    block {
    }
    block {
    }
    block {
    }
    block {
    }
    block {
    }
    block {
    }
    block {
    }
    block {
    }
    block {
    }
    block {
    }
    block {
    }
    block {
    }
    block {
    }
    block {
    }
    block {
    }
    block {
    }
    alloc<Named("Token"), None> (
      block {
      },
      load s,
      load line,
    )
  }
}
block {
  block {
    block {
    }
    block {
    }
  }
}
block {
  block {
    call lexer_skip_whitespace (
      load l,
    )
    block {
    }
    block {
    }
    block {
    }
    block {
    }
    block {
    }
    block {
    }
    block {
    }
    block {
    }
    block {
    }
    block {
    }
    block {
    }
    block {
    }
    block {
    }
    block {
    }
    block {
    }
    block {
    }
    block {
    }
    block {
    }
    block {
    }
    block {
    }
    block {
    }
    block {
    }
    block {
    }
    block {
    }
    block {
    }
    block {
    }
    block {
    }
    alloc<Named("Token"), None> (
      block {
      },
      call string_slice (
        block {
        },
        load start_pos,
        block {
        },
      ),
      block {
      },
    )
  }
}
struct Parser {
  Named("Lexer") lexer;
  Named("Token") current;
}
block {
  put (
    block {
    }  ,
    call lexer_next_token (
      block {
      },
    )  )
}
block {
  block {
  }
}
block {
  block {
    block {
    }
    block {
    }
    call parser_advance (
      load p,
    )
    block {
    }
    block {
    }
    load ty
  }
}
block {
  block {
    block {
    }
  }
}
block {
  block {
  }
}
block {
  block {
    block {
    }
    block {
    }
  }
}
block {
  block {
  }
}
block {
  block {
    block {
    }
    block {
    }
  }
}
block {
  block {
    block {
    }
    block {
    }
  }
}
block {
  block {
    block {
    }
    block {
    }
  }
}
block {
  block {
  }
}
block {
  block {
    call parser_advance (
      load p,
    )
    block {
    }
    call parser_advance (
      load p,
    )
    call parser_expect (
      load p,
      block {
      },
    )
    block {
    }
    call parser_parse_struct_fields (
      load p,
      load fields,
    )
    call parser_expect (
      load p,
      block {
      },
    )
    alloc<Named("Node"), None> (
      block {
      },
      block {
      },
      load name,
      load fields,
      block {
      },
      block {
      },
      call string_slice (
        block {
        },
        block {
        },
        block {
        },
      ),
      block {
      },
    )
  }
}
block {
  block {
  }
}
block {
  block {
  }
}
block {
  block {
    call parser_advance (
      load p,
    )
    block {
    }
    call parser_advance (
      load p,
    )
    call parser_expect (
      load p,
      block {
      },
    )
    block {
    }
    call parser_parse_protocol_states (
      load p,
      load states,
    )
    call parser_expect (
      load p,
      block {
      },
    )
    alloc<Named("Node"), None> (
      block {
      },
      block {
      },
      load name,
      load states,
      block {
      },
      block {
      },
      call string_slice (
        block {
        },
        block {
        },
        block {
        },
      ),
      block {
      },
    )
  }
}
block {
  block {
  }
}
block {
  block {
    call parser_advance (
      load p,
    )
    call parser_advance (
      load p,
    )
    call parser_expect (
      load p,
      block {
      },
    )
    block {
    }
    call parser_parse_extern_decls (
      load p,
      load decls,
    )
    call parser_expect (
      load p,
      block {
      },
    )
    alloc<Named("Node"), None> (
      block {
      },
      block {
      },
      call string_slice (
        block {
        },
        block {
        },
        block {
        },
      ),
      load decls,
      block {
      },
      block {
      },
      call string_slice (
        block {
        },
        block {
        },
        block {
        },
      ),
      block {
      },
    )
  }
}
block {
  block {
  }
}
block {
  block {
    block {
    }
  }
}
block {
  block {
  }
}
block {
  block {
    block {
    }
    call parser_parse_program_decls (
      load p,
      load decls,
    )
    alloc<Named("Node"), None> (
      block {
      },
      block {
      },
      call string_slice (
        block {
        },
        block {
        },
        block {
        },
      ),
      load decls,
      block {
      },
      block {
      },
      call string_slice (
        block {
        },
        block {
        },
        block {
        },
      ),
      block {
      },
    )
  }
}


--- Driving GOIR Compilation Pipeline ---
